Information: Running averaged power analysis... (PWR-601)
Information: Running power calculation with 4 threads. (PWR-602)
****************************************
Report : Averaged Power
Design : aes_cipher_top
Version: O-2018.06-SP4
Date   : Wed Jun  1 14:49:24 2022
****************************************



  Attributes
  ----------
      i  -  Including register clock pin internal power
      u  -  User defined power group

                        Internal  Switching  Leakage    Total
Power Group             Power     Power      Power      Power   (     %)  Attrs
--------------------------------------------------------------------------------
clock_network           5.174e-04    0.0000    0.0000 5.174e-04 (35.11%)  i
register                1.601e-04 1.419e-04 3.659e-07 3.024e-04 (20.52%)  
combinational           1.557e-04 4.969e-04 1.149e-06 6.538e-04 (44.37%)  
sequential                 0.0000    0.0000    0.0000    0.0000 ( 0.00%)  
memory                     0.0000    0.0000    0.0000    0.0000 ( 0.00%)  
io_pad                     0.0000    0.0000    0.0000    0.0000 ( 0.00%)  
black_box                  0.0000    0.0000    0.0000    0.0000 ( 0.00%)  

  Net Switching Power  = 6.388e-04   (43.35%)
  Cell Internal Power  = 8.332e-04   (56.55%)
  Cell Leakage Power   = 1.515e-06   ( 0.10%)
                         ---------
Total Power            = 1.474e-03  (100.00%)

1
