****************************************
Report : timing
	-path_type full
	-delay_type max
	-max_paths 1
	-sort_by slack
Design : aes_cipher_top
Version: O-2018.06-SP4
Date   : Sat May  7 12:55:06 2022
****************************************


  Startpoint: sa20_reg[4]
               (rising edge-triggered flip-flop clocked by clk)
  Endpoint: sa22_reg[3]
               (rising edge-triggered flip-flop clocked by clk)
  Path Group: clk
  Path Type: max

  Point                                                   Incr       Path
  ------------------------------------------------------------------------------
  clock clk (rise edge)                               0.000000   0.000000
  clock network delay (ideal)                         0.050000   0.050000
  sa20_reg[4]/CP (HS65_LS_DFPQX4)                     0.000000   0.050000 r
  sa20_reg[4]/Q (HS65_LS_DFPQX4)                      0.092051   0.142051 r
  U18820/Z (HS65_LS_IVX9)                             0.020144   0.162195 f
  U18259/Z (HS65_LS_AND2X4)                           0.050519   0.212714 f
  U17375/Z (HS65_LS_NAND2X7)                          0.083694   0.296408 r
  U12871/Z (HS65_LS_IVX9)                             0.059459   0.355867 f
  U12056/Z (HS65_LS_AOI12X2)                          0.049243   0.405110 r
  U12055/Z (HS65_LS_NOR3AX2)                          0.057801   0.462911 r
  U10311/Z (HS65_LS_NOR4ABX2)                         0.087284   0.550195 r
  U9746/Z (HS65_LS_AND3X9)                            0.059009   0.609204 r
  U12241/Z (HS65_LS_NAND4ABX3)                        0.035445   0.644650 f
  U10454/Z (HS65_LS_AO12X9)                           0.055799   0.700449 f
  U10453/Z (HS65_LS_AOI212X4)                         0.035345   0.735794 r
  U9636/Z (HS65_LS_NOR4ABX2)                          0.186496   0.922289 r
  U9650/Z (HS65_LSS_XOR2X6)                           0.154184   1.076473 r
  U18864/Z (HS65_LSS_XOR3X2)                          0.098915   1.175388 r
  U18863/Z (HS65_LSS_XOR3X2)                          0.078528   1.253916 r
  U18861/Z (HS65_LS_OAI22X6)                          0.027154   1.281071 f
  sa22_reg[3]/D (HS65_LS_DFPQX4)                      0.000015   1.281085 f
  data arrival time                                              1.281085

  clock clk (rise edge)                               5.000000   5.000000
  clock network delay (ideal)                         0.050000   5.050000
  clock reconvergence pessimism                       0.000000   5.050000
  clock uncertainty                                   -0.050000  5.000000
  sa22_reg[3]/CP (HS65_LS_DFPQX4)                                5.000000 r
  library setup time                                  -0.038762  4.961238
  data required time                                             4.961238
  ------------------------------------------------------------------------------
  data required time                                             4.961238
  data arrival time                                              -1.281085
  ------------------------------------------------------------------------------
  slack (MET)                                                    3.680153


1
